<html>
<body>
<pre>
<h1>µVision Build Log</h1>
<h2>Tool Versions:</h2>
IDE-Version: ¶ÃVision V5.35.0.0
Copyright (C) 2021 ARM Ltd and ARM Germany GmbH. All rights reserved.
License Information: SY L, Wuhan University, LIC=LSNXV-PKTPV-MMA9I-T92IM-93MTT-H5M3L
 
Tool Versions:
Toolchain:       MDK-ARM Plus  Version: 5.35.0.2
Toolchain Path:  D:\Keil_v5\ARM\ARMCC\Bin
C Compiler:      Armcc.exe V5.06 update 7 (build 960)
Assembler:       Armasm.exe V5.06 update 7 (build 960)
Linker/Locator:  ArmLink.exe V5.06 update 7 (build 960)
Library Manager: ArmAr.exe V5.06 update 7 (build 960)
Hex Converter:   FromElf.exe V5.06 update 7 (build 960)
CPU DLL:         SARMCM3.DLL V5.35.0.2
Dialog DLL:      DCM.DLL V1.17.3.0
Target DLL:      STLink\ST-LINKIII-KEIL_SWO.dll V3.0.9.0
Dialog DLL:      TCM.DLL V1.53.0.0
 
<h2>Project:</h2>
C:\Users\86136\Desktop\work\work\WHEELTEC_C50X_2025.08.07\USER\WHEELTEC.uvprojx
Project File Date:  12/22/2025

<h2>Output:</h2>
*** Using Compiler 'V5.06 update 7 (build 960)', folder: 'D:\Keil_v5\ARM\ARMCC\Bin'
Rebuild target 'Akm_Car'
Before Build - User command #1: .\hexbinHandle.bat
’“≤ªµΩ C:\Users\86136\Desktop\work\work\WHEELTEC_C50X_2025.08.07\*.bin
assembling startup_stm32f40_41xxx.s...
compiling stm32f4xx_gpio.c...
compiling stm32f4xx_syscfg.c...
compiling stm32f4xx_usart.c...
compiling stm32f4xx_adc.c...
compiling stm32f4xx_can.c...
compiling stm32f4xx_hal_hcd.c...
compiling stm32f4xx_rcc.c...
compiling misc.c...
compiling stm32f4xx_tim.c...
compiling stm32f4xx_pwr.c...
compiling stm32f4xx_dma.c...
compiling list.c...
compiling croutine.c...
compiling event_groups.c...
compiling stm32f4xx_ll_usb.c...
compiling queue.c...
compiling timers.c...
compiling port.c...
compiling sys.c...
compiling heap_4.c...
compiling tasks.c...
compiling stm32f4xx_it.c...
compiling delay.c...
compiling usart.c...
compiling adc.c...
compiling main.c...
compiling system.c...
compiling system_stm32f4xx.c...
compiling auto_recharge.c...
compiling can.c...
compiling buzzer.c...
compiling enable_key.c...
compiling encoder.c...
compiling key.c...
compiling I2C.c...
compiling motor.c...
compiling remote.c...
compiling LED.C...
compiling oled.c...
compiling uartx.c...
compiling stmflash.c...
compiling MPU6050.c...
compiling ICM20948.c...
compiling bsp_gamepad.c...
compiling ps2_classic.c...
compiling akm_robot_init.c...
compiling imu_task.c...
compiling led_task.c...
compiling ps2_task.c...
compiling show_task.c...
compiling data_task.c...
compiling uartx_callback.c...
compiling timx_callback.c...
compiling filter.c...
..\BALANCE\filter.c(90): warning:  #1035-D: single-precision operand implicitly converted to double-precision
     angle = K1 * angle_m+ (1-K1) * (angle + gyro_m * 0.005);
..\BALANCE\filter.c: 1 warning, 0 errors
compiling usbh_ioreq.c...
compiling can_callback.c...
compiling usbh_core.c...
compiling usbh_ctlreq.c...
compiling balance_task.c...
compiling usbh_pipes.c...
compiling usbh_hid.c...
compiling usbh_hid_keybd.c...
compiling usbh_hid_mouse.c...
compiling usbh_conf.c...
compiling usbh_hid_parser.c...
compiling usb_host.c...
compiling usbh_os_middleware.c...
compiling usbh_hid_GamePad.c...
compiling xbox360_gamepad.c...
compiling WiredPS2_gamepad.c...
linking...
Program Size: Code=67400 RO-data=8096 RW-data=632 ZI-data=40584  
FromELF: creating hex file...
After Build - User command #2: .\copyhex.bat
"..\OBJ\Akm_Car.axf" - 0 Error(s), 1 Warning(s).

<h2>Software Packages used:</h2>

Package Vendor: Keil
                https://www.keil.com/pack/Keil.STM32F4xx_DFP.2.17.1.pack
                Keil.STM32F4xx_DFP.2.17.1
                STMicroelectronics STM32F4 Series Device Support, Drivers and Examples

<h2>Collection of Component include folders:</h2>
  D:\Keil_v5\Packs\Keil\STM32F4xx_DFP\2.17.1\Drivers\CMSIS\Device\ST\STM32F4xx\Include

<h2>Collection of Component Files used:</h2>
Build Time Elapsed:  00:00:10
</pre>
</body>
</html>
